{
  "version": "1.5.0",
  "plugins_used": [
    {
      "name": "ArtifactoryDetector"
    },
    {
      "name": "AWSKeyDetector"
    },
    {
      "name": "AzureStorageKeyDetector"
    },
    {
      "name": "Base64HighEntropyString",
      "limit": 4.5
    },
    {
      "name": "BasicAuthDetector"
    },
    {
      "name": "CloudantDetector"
    },
    {
      "name": "DiscordBotTokenDetector"
    },
    {
      "name": "GitHubTokenDetector"
    },
    {
      "name": "GitLabTokenDetector"
    },
    {
      "name": "HexHighEntropyString",
      "limit": 3.0
    },
    {
      "name": "IbmCloudIamDetector"
    },
    {
      "name": "IbmCosHmacDetector"
    },
    {
      "name": "IPPublicDetector"
    },
    {
      "name": "JwtTokenDetector"
    },
    {
      "name": "KeywordDetector",
      "keyword_exclude": ""
    },
    {
      "name": "MailchimpDetector"
    },
    {
      "name": "NpmDetector"
    },
    {
      "name": "OpenAIDetector"
    },
    {
      "name": "PrivateKeyDetector"
    },
    {
      "name": "PypiTokenDetector"
    },
    {
      "name": "SendGridDetector"
    },
    {
      "name": "SlackDetector"
    },
    {
      "name": "SoftlayerDetector"
    },
    {
      "name": "SquareOAuthDetector"
    },
    {
      "name": "StripeDetector"
    },
    {
      "name": "TelegramBotTokenDetector"
    },
    {
      "name": "TwilioKeyDetector"
    }
  ],
  "filters_used": [
    {
      "path": "detect_secrets.filters.allowlist.is_line_allowlisted"
    },
    {
      "path": "detect_secrets.filters.common.is_ignored_due_to_verification_policies",
      "min_level": 2
    },
    {
      "path": "detect_secrets.filters.heuristic.is_indirect_reference"
    },
    {
      "path": "detect_secrets.filters.heuristic.is_likely_id_string"
    },
    {
      "path": "detect_secrets.filters.heuristic.is_lock_file"
    },
    {
      "path": "detect_secrets.filters.heuristic.is_not_alphanumeric_string"
    },
    {
      "path": "detect_secrets.filters.heuristic.is_potential_uuid"
    },
    {
      "path": "detect_secrets.filters.heuristic.is_prefixed_with_dollar_sign"
    },
    {
      "path": "detect_secrets.filters.heuristic.is_sequential_string"
    },
    {
      "path": "detect_secrets.filters.heuristic.is_swagger_file"
    },
    {
      "path": "detect_secrets.filters.heuristic.is_templated_secret"
    }
  ],
  "results": {
    "chronos/config/litellm_config.yaml": [
      {
        "type": "Secret Keyword",
        "filename": "chronos/config/litellm_config.yaml",
        "hashed_secret": "362f2ca8636c6167b20713f5bcd632d2b20699d7",
        "is_verified": false,
        "line_number": 5
      },
      {
        "type": "Secret Keyword",
        "filename": "chronos/config/litellm_config.yaml",
        "hashed_secret": "07db03b4eef371b55ee656a334d69857b58a09da",
        "is_verified": false,
        "line_number": 9
      },
      {
        "type": "Secret Keyword",
        "filename": "chronos/config/litellm_config.yaml",
        "hashed_secret": "3d80bd01f8848478265190f8650bc10acab03338",
        "is_verified": false,
        "line_number": 13
      }
    ],
    "docker-compose.yml": [
      {
        "type": "Secret Keyword",
        "filename": "docker-compose.yml",
        "hashed_secret": "b4823bbcec6faae373ca6f3834c4fec73560262c",
        "is_verified": false,
        "line_number": 24
      },
      {
        "type": "Secret Keyword",
        "filename": "docker-compose.yml",
        "hashed_secret": "639b8d12231c2d5f8dc4ce2f6c3a794df6ae8f77",
        "is_verified": false,
        "line_number": 175
      }
    ],
    "spec.md": [
      {
        "type": "Secret Keyword",
        "filename": "spec.md",
        "hashed_secret": "362f2ca8636c6167b20713f5bcd632d2b20699d7",
        "is_verified": false,
        "line_number": 775
      },
      {
        "type": "Secret Keyword",
        "filename": "spec.md",
        "hashed_secret": "3d80bd01f8848478265190f8650bc10acab03338",
        "is_verified": false,
        "line_number": 783
      },
      {
        "type": "Secret Keyword",
        "filename": "spec.md",
        "hashed_secret": "07db03b4eef371b55ee656a334d69857b58a09da",
        "is_verified": false,
        "line_number": 791
      },
      {
        "type": "Basic Auth Credentials",
        "filename": "spec.md",
        "hashed_secret": "59687f21c405b319334c1b886426c58f357c37ee",
        "is_verified": false,
        "line_number": 2220
      }
    ]
  },
  "generated_at": "2026-04-21T18:00:17Z"
}
